testlog123
testlog123
